wrote data/traj.npz: 150000 steps, 126 deaths
ground truth recorded: x, y, energy, temp, health, near_food, warm, reflex, stress, thermal_proj

=== attention ===
  [attention]   1000  pred 0.1203  vq 0.0244  live 128/128  perplexity 106.8  (55s)
  [attention]   2000  pred 0.0756  vq 0.0114  live 128/128  perplexity 113.3  (110s)
  [attention]   3000  pred 0.0835  vq 0.0131  live 128/128  perplexity 113.6  (166s)
  [attention]   4000  pred 0.0862  vq 0.0194  live 128/128  perplexity 113.5  (222s)
  [attention]   5000  pred 0.0934  vq 0.0187  live 128/128  perplexity 113.1  (280s)

=== no-attention ===
  [no-attention]   1000  pred 0.1219  vq 0.0237  live 128/128  perplexity 113.9  (59s)
  [no-attention]   2000  pred 0.0774  vq 0.0098  live 128/128  perplexity 116.2  (118s)
  [no-attention]   3000  pred 0.0838  vq 0.0128  live 128/128  perplexity 115.8  (177s)
  [no-attention]   4000  pred 0.0854  vq 0.0181  live 128/128  perplexity 115.7  (236s)
  [no-attention]   5000  pred 0.0963  vq 0.0179  live 128/128  perplexity 115.5  (295s)

=== untrained ===

========================================================================
                     pred    live   perplex
attention          0.0911  128/128     111.4
no-attention       0.0931  128/128     114.8
untrained          0.2174    0/128       1.0

Normalised MI(code ; ground truth) — fraction of each factor captured
factor         recurrent    no-recur   untrained  gain vs untr
x                  0.464       0.540       0.130        +0.334
y                  0.525       0.484       0.117        +0.409
energy             0.582       0.518       0.095        +0.487
temp               0.534       0.507       0.128        +0.405
health             0.507       0.538       0.108        +0.399
near_food          0.440       0.475       0.126        +0.313
warm               0.375       0.335       0.073        +0.302
reflex             0.866       0.779       0.101        +0.765
stress             0.760       0.647       0.050        +0.709
thermal_proj       0.511       0.494       0.100        +0.412

context gain on prediction: +0.0019
context gain on mean MI:    +0.0247  (context earns its place)
written to runs/tfm2-s0-163858
world model: runs/tfm-s0-153432/attention.pt
Traceback (most recent call last):
  File "/Users/ricmassey/fen/stage3/export_web.py", line 127, in <module>
    main()
  File "/Users/ricmassey/fen/stage3/export_web.py", line 115, in main
    data = rollout(a.steps, a.seed, world, a.stride)
           ^^^^^^^^^^^^^^^^^^^^^^^^^^^^^^^^^^^^^^^^^
  File "/Users/ricmassey/fen/stage3/export_web.py", line 51, in rollout
    wm.load_state_dict(torch.load(world))
  File "/Library/Frameworks/Python.framework/Versions/3.12/lib/python3.12/site-packages/torch/nn/modules/module.py", line 2593, in load_state_dict
    raise RuntimeError(
RuntimeError: Error(s) in loading state_dict for TransformerWorldModel:
	size mismatch for obs_mean: copying a param with shape torch.Size([20]) from checkpoint, the shape in current model is torch.Size([22]).
	size mismatch for obs_std: copying a param with shape torch.Size([20]) from checkpoint, the shape in current model is torch.Size([22]).
	size mismatch for delta_mean: copying a param with shape torch.Size([20]) from checkpoint, the shape in current model is torch.Size([22]).
	size mismatch for delta_std: copying a param with shape torch.Size([20]) from checkpoint, the shape in current model is torch.Size([22]).
	size mismatch for input_proj.0.weight: copying a param with shape torch.Size([256, 26]) from checkpoint, the shape in current model is torch.Size([256, 28]).
	size mismatch for predict.4.weight: copying a param with shape torch.Size([20, 256]) from checkpoint, the shape in current model is torch.Size([22, 256]).
	size mismatch for predict.4.bias: copying a param with shape torch.Size([20]) from checkpoint, the shape in current model is torch.Size([22]).
