=== representation gate, transformer core, 5 seeds (0..4), 5000 steps each ===
  seed 0: mi_gain -0.0067   (552s, 1/5, 552s total)
  seed 1: mi_gain -0.0003   (547s, 2/5, 1099s total)
  seed 2: mi_gain +0.0151   (503s, 3/5, 1602s total)
  seed 3: mi_gain +0.0182   (521s, 4/5, 2123s total)
  seed 4: mi_gain +0.0333   (521s, 5/5, 2643s total)

==========================================================================
attention vs no-attention, per factor (mean over 5 seeds)
factor             delta       sd              95% CI   seeds +
x                 +0.031    0.035 [ -0.013, +0.075]    4/5
y                 +0.006    0.055 [ -0.062, +0.074]    3/5
energy            +0.005    0.041 [ -0.046, +0.056]    2/5
temp              -0.007    0.037 [ -0.053, +0.039]    3/5
health            +0.048    0.112 [ -0.092, +0.187]    4/5
near_food         +0.022    0.070 [ -0.065, +0.108]    3/5
warm              +0.004    0.076 [ -0.091, +0.098]    3/5
reflex            +0.021    0.073 [ -0.070, +0.111]    3/5
stress            -0.016    0.040 [ -0.066, +0.033]    2/5
thermal_proj      +0.007    0.043 [ -0.046, +0.061]    4/5

codebook (attention): live 128.0/128  perplexity 84.1 ± 3.7
context gain on prediction: +0.0015 ± 0.0113
context gain on mean MI:    +0.0119 ± 0.0158   95% CI [-0.0077, +0.0316]   n=5
per-seed: -0.0067, -0.0003, +0.0151, +0.0182, +0.0333
vs zero: t=+1.69  p=0.166

verdict (threshold +0.020): UNDECIDED — the CI straddles the threshold
  to separate +0.0119 from +0.020 at 95%: ~15 seeds (have 5)
written to /Users/ricmassey/fen/stage3/runs/v1seeds-transformer-summary.json
